// Jest Snapshot v1, https://goo.gl/fbAQLP

exports[`renders CastBallotPage 1`] = `
.c1 {
  display: -webkit-box;
  display: -webkit-flex;
  display: -ms-flexbox;
  display: flex;
  -webkit-flex: 1;
  -ms-flex: 1;
  flex: 1;
  -webkit-flex-direction: column;
  -ms-flex-direction: column;
  flex-direction: column;
  overflow: auto;
  padding: 1rem 0.5rem 2rem;
}

.c2 {
  margin: auto 0;
}

.c10 {
  margin: auto;
  width: 100%;
  max-width: 66ch;
  text-align: center;
  line-height: 1.2;
}

.c10 h1 {
  margin: 2rem 0 1rem;
  line-height: 1.1;
  font-size: 1.5rem;
}

.c10 h2 {
  margin: 1.5rem 0 0.75rem;
  font-size: 1.25rem;
}

.c10 h3,
.c10 p {
  margin-top: 1rem;
  margin-bottom: 1rem;
  font-size: 1rem;
}

.c10 h1 + h2 {
  margin-top: -0.75rem;
}

.c10 h1 + p,
.c10 h2 + p {
  margin-top: -0.75rem;
}

.c10 h3 + p {
  margin-top: -1rem;
}

.c10 > :first-child {
  margin-top: 0;
}

.c10 > :last-child {
  margin-bottom: 0;
}

.c10 dl {
  margin: 1rem 0;
}

.c3 {
  margin: 0 auto 2rem;
  max-width: 600px;
  padding-bottom: 2rem;
}

.c4 {
  display: -webkit-box;
  display: -webkit-flex;
  display: -ms-flexbox;
  display: flex;
  -webkit-flex-direction: row;
  -ms-flex-direction: row;
  flex-direction: row;
  -webkit-box-pack: justify;
  -webkit-justify-content: space-between;
  -ms-flex-pack: justify;
  justify-content: space-between;
  position: relative;
}

.c4::before {
  position: absolute;
  top: 45%;
  right: 12%;
  left: 12%;
  z-index: -1;
  background-color: #c7d7df;
  height: 10%;
  content: '';
}

.c5 {
  display: -webkit-box;
  display: -webkit-flex;
  display: -ms-flexbox;
  display: flex;
  -webkit-flex: 1;
  -ms-flex: 1;
  flex: 1;
  -webkit-flex-direction: column;
  -ms-flex-direction: column;
  flex-direction: column;
  -webkit-align-items: center;
  -webkit-box-align: center;
  -ms-flex-align: center;
  align-items: center;
  position: relative;
  padding: 0 4%;
}

.c6 {
  position: relative;
  border-radius: 50%;
  background: #ffffff;
  width: 100%;
  height: 0;
  padding-top: 100%;
}

.c6 > span {
  display: -webkit-box;
  display: -webkit-flex;
  display: -ms-flexbox;
  display: flex;
  -webkit-align-items: center;
  -webkit-box-align: center;
  -ms-flex-align: center;
  align-items: center;
  -webkit-box-pack: center;
  -webkit-justify-content: center;
  -ms-flex-pack: center;
  justify-content: center;
  position: absolute;
  top: 0;
  left: 0;
  width: 100%;
  height: 100%;
  text-align: center;
  color: #35809c;
  font-size: 7vw;
  font-weight: 700;
}

.c8 {
  position: relative;
  border-radius: 50%;
  background: #35809c;
  width: 100%;
  height: 0;
  padding-top: 100%;
}

.c8 > span {
  display: -webkit-box;
  display: -webkit-flex;
  display: -ms-flexbox;
  display: flex;
  -webkit-align-items: center;
  -webkit-box-align: center;
  -ms-flex-align: center;
  align-items: center;
  -webkit-box-pack: center;
  -webkit-justify-content: center;
  -ms-flex-pack: center;
  justify-content: center;
  position: absolute;
  top: 0;
  left: 0;
  width: 100%;
  height: 100%;
  text-align: center;
  color: #ffffff;
  font-size: 7vw;
  font-weight: 700;
}

.c7 {
  position: absolute;
  margin: 0.25rem -1rem 0;
  width: calc(100% + 2rem);
  text-align: center;
  color: #c7d7df;
}

.c9 {
  position: absolute;
  margin: 0.25rem -1rem 0;
  width: calc(100% + 2rem);
  text-align: center;
  font-weight: 600;
}

.c0 {
  display: -webkit-box;
  display: -webkit-flex;
  display: -ms-flexbox;
  display: flex;
  -webkit-flex-direction: column;
  -ms-flex-direction: column;
  flex-direction: column;
  height: 100%;
}

.c0:focus {
  outline: none;
}

.c11 {
  display: inline-block;
  margin: auto;
  border-top: 1px solid #9a9a9a;
  border-bottom: 1px solid #9a9a9a;
  padding: 1rem 1rem 1rem 2rem;
  text-align: left;
}

@media (min-width:480px) {
  .c1 {
    padding: 1rem 1rem 2rem;
  }
}

@media print {
  .c1 {
    -webkit-box-pack: start;
    -webkit-justify-content: flex-start;
    -ms-flex-pack: start;
    justify-content: flex-start;
    padding: 0;
  }
}

@media print {
  .c2 {
    margin: 0;
    max-width: 100%;
  }
}

@media (min-width:480px) {
  .c10 {
    line-height: 1.3;
  }
}

@media print {
  .c3 {
    display: none;
  }
}

@media (min-width:686px) {
  .c6 > span {
    font-size: 2rem;
  }
}

@media (min-width:686px) {
  .c8 > span {
    font-size: 2rem;
  }
}

<div
  class="c0"
  tabindex="-1"
>
  <main
    class="c1"
  >
    <div
      class="c2"
    >
      <div
        aria-label="Step 4 of 4."
        class="c3"
      >
        <div
          class="c4"
        >
          <div
            class="c5"
          >
            <div
              class="c6"
            >
              <span>
                ✓
              </span>
              <div
                class="c7"
              >
                Mark
              </div>
            </div>
          </div>
          <div
            class="c5"
          >
            <div
              class="c6"
            >
              <span>
                ✓
              </span>
              <div
                class="c7"
              >
                Review
              </div>
            </div>
          </div>
          <div
            class="c5"
          >
            <div
              class="c6"
            >
              <span>
                ✓
              </span>
              <div
                class="c7"
              >
                Print
              </div>
            </div>
          </div>
          <div
            class="c5"
          >
            <div
              class="c8"
            >
              <span>
                4
              </span>
              <div
                class="c9"
              >
                Vote
              </div>
            </div>
          </div>
        </div>
      </div>
      <div
        class="c10"
        id="audiofocus"
      >
        <h1
          aria-label="You’re almost done."
        >
          You’re Almost Done…
        </h1>
        <p>
          Your official paper ballot is printing. To finish voting:
        </p>
        <ol
          class="c11"
        >
          <li>
            Review the votes on your printed ballot.
          </li>
          <li>
            Place your ballot in the ballot box.
          </li>
          <li>
            Return card to poll worker.
          </li>
        </ol>
        <p>
          Need help? Ask a poll worker.
        </p>
      </div>
    </div>
  </main>
</div>
`;
