// Jest Snapshot v1, https://goo.gl/fbAQLP

exports[`renders HelpPage 1`] = `
.c0 {
  display: -webkit-box;
  display: -webkit-flex;
  display: -ms-flexbox;
  display: flex;
  -webkit-flex: 1;
  -ms-flex: 1;
  flex: 1;
  -webkit-flex-direction: column;
  -ms-flex-direction: column;
  flex-direction: column;
  overflow: auto;
  padding: 1rem 0.5rem 2rem;
}

.c1 {
  margin: 0 0;
  max-width: 35rem;
}

.c2 {
  width: 100%;
  max-width: 66ch;
  line-height: 1.2;
}

.c2 h1 {
  margin: 2rem 0 1rem;
  line-height: 1.1;
  font-size: 1.5rem;
}

.c2 h2 {
  margin: 1.5rem 0 0.75rem;
  font-size: 1.25rem;
}

.c2 h3,
.c2 p {
  margin-top: 1rem;
  margin-bottom: 1rem;
  font-size: 1rem;
}

.c2 h1 + h2 {
  margin-top: -0.75rem;
}

.c2 h1 + p,
.c2 h2 + p {
  margin-top: -0.75rem;
}

.c2 h3 + p {
  margin-top: -1rem;
}

.c2 > :first-child {
  margin-top: 0;
}

.c2 > :last-child {
  margin-bottom: 0;
}

@media (min-width:480px) {
  .c0 {
    padding: 1rem 1rem 2rem;
  }
}

@media print {
  .c0 {
    -webkit-box-pack: start;
    -webkit-justify-content: flex-start;
    -ms-flex-pack: start;
    justify-content: flex-start;
    padding: 0;
  }
}

@media print {
  .c1 {
    margin: 0;
    max-width: 100%;
  }
}

@media (min-width:480px) {
  .c2 {
    line-height: 1.3;
  }
}

<main
  class="c0"
>
  <div
    class="c1"
  >
    <div
      class="c2"
    >
      <h1>
        Help
      </h1>
      <p>
        Help content will be available here.
      </p>
    </div>
  </div>
</main>
`;
