// Jest Snapshot v1, https://goo.gl/fbAQLP

exports[`renders NotFoundPage 1`] = `
.c3 {
  border: none;
  border-radius: 0.25rem;
  box-sizing: border-box;
  background: rgb(211,211,211);
  cursor: pointer;
  padding: 0.75rem 1rem;
  line-height: 1.25;
  color: black;
  touch-action: manipulation;
}

.c0 {
  display: -webkit-box;
  display: -webkit-flex;
  display: -ms-flexbox;
  display: flex;
  -webkit-flex: 1;
  -ms-flex: 1;
  flex: 1;
  -webkit-flex-direction: column;
  -ms-flex-direction: column;
  flex-direction: column;
  overflow: auto;
  padding: 1rem 0.5rem 2rem;
}

.c1 {
  margin: auto auto;
  max-width: 35rem;
}

.c2 {
  margin: auto;
  width: 100%;
  max-width: 66ch;
  text-align: center;
  line-height: 1.2;
}

.c2 h1 {
  margin: 2rem 0 1rem;
  line-height: 1.1;
  font-size: 1.5rem;
}

.c2 h2 {
  margin: 1.5rem 0 0.75rem;
  font-size: 1.25rem;
}

.c2 h3,
.c2 p {
  margin-top: 1rem;
  margin-bottom: 1rem;
  font-size: 1rem;
}

.c2 h1 + h2 {
  margin-top: -0.75rem;
}

.c2 h1 + p,
.c2 h2 + p {
  margin-top: -0.75rem;
}

.c2 h3 + p {
  margin-top: -1rem;
}

.c2 > :first-child {
  margin-top: 0;
}

.c2 > :last-child {
  margin-bottom: 0;
}

.c2 dl {
  margin: 1rem 0;
}

@media (min-width:480px) {
  .c0 {
    padding: 1rem 1rem 2rem;
  }
}

@media print {
  .c0 {
    -webkit-box-pack: start;
    -webkit-justify-content: flex-start;
    -ms-flex-pack: start;
    justify-content: flex-start;
    padding: 0;
  }
}

@media print {
  .c1 {
    margin: 0;
    max-width: 100%;
  }
}

@media (min-width:480px) {
  .c2 {
    line-height: 1.3;
  }
}

<main
  class="c0"
>
  <div
    class="c1"
  >
    <div
      class="c2"
    >
      <h1>
        Page Not Found.
      </h1>
      <p>
        No page exists at 
        <code>
          /foobar-not-found-path
        </code>
        .
      </p>
      <p>
        <button
          class="c3"
          type="button"
        >
          Start Over
        </button>
      </p>
    </div>
  </div>
</main>
`;
