// Jest Snapshot v1, https://goo.gl/fbAQLP

exports[`renders test decks appropriately 1`] = `
.c5 {
  border: none;
  border-radius: 0.25rem;
  box-shadow: 0 0 0 0 rgba(71,167,75,1);
  box-sizing: border-box;
  background: rgb(211,211,211);
  cursor: pointer;
  padding: 0.35rem 0.5rem;
  line-height: 1.25;
  color: black;
  touch-action: manipulation;
}

.c4 {
  border: none;
  border-radius: 0.25rem;
  box-shadow: 0 0 0 0 rgba(71,167,75,1);
  box-sizing: border-box;
  background: rgb(71,167,75);
  cursor: pointer;
  padding: 1rem 1.75rem;
  line-height: 1.25;
  color: #FFFFFF;
  font-size: 1.25rem;
  touch-action: manipulation;
}

.c14 {
  max-width: 250px;
}

.c15 {
  max-width: 250px;
}

.c3 {
  max-width: 66ch;
  line-height: 1.2;
}

.c3 h1 {
  margin: 2rem 0 1rem;
  line-height: 1.1;
  font-size: 1.5rem;
}

.c3 h2 {
  margin: 1.5rem 0 0.75rem;
  font-size: 1.25rem;
}

.c3 h3 {
  font-size: 1.17rem;
}

.c3 h4 {
  font-size: 1rem;
}

.c3 h5 {
  font-size: 0.9rem;
}

.c3 h3,
.c3 h4,
.c3 h5,
.c3 p {
  margin-top: 1rem;
  margin-bottom: 1rem;
}

.c3 h1 + h2 {
  margin-top: -0.75rem;
}

.c3 h1 + p,
.c3 h2 + p {
  margin-top: -0.75rem;
}

.c3 h3 + p,
.c3 h4 + p,
.c3 h5 + p {
  margin-top: -1rem;
}

.c3 > :first-child {
  margin-top: 0;
}

.c3 > :last-child {
  margin-bottom: 0;
}

.c3 dl {
  margin: 1rem 0;
}

.c16 {
  max-width: 66ch;
  line-height: 1.2;
}

.c16 h1 {
  margin: 2rem 0 1rem;
  line-height: 1.1;
  font-size: 1.5rem;
}

.c16 h2 {
  margin: 1.5rem 0 0.75rem;
  font-size: 1.25rem;
}

.c16 h3 {
  font-size: 1.17rem;
}

.c16 h4 {
  font-size: 1rem;
}

.c16 h5 {
  font-size: 0.9rem;
}

.c16 h3,
.c16 h4,
.c16 h5,
.c16 p {
  margin-top: 0;
  margin-bottom: 0;
}

.c16 h1 + h2 {
  margin-top: -0.75rem;
}

.c16 h1 + p,
.c16 h2 + p {
  margin-top: -0.75rem;
}

.c16 h3 + p,
.c16 h4 + p,
.c16 h5 + p {
  margin-top: 0;
}

.c16 > :first-child {
  margin-top: 0;
}

.c16 > :last-child {
  margin-bottom: 0;
}

.c16 dl {
  margin: 1rem 0;
}

.c8 {
  text-align: center;
}

.c9 {
  white-space: nowrap;
  font-weight: 300;
}

.c17 {
  font-size: 0.8rem;
}

.c19 {
  font-size: 0.8rem;
  font-weight: 300;
}

.c18 {
  white-space: nowrap;
}

.c12 {
  display: -webkit-box;
  display: -webkit-flex;
  display: -ms-flexbox;
  display: flex;
  margin: 1.5rem 1rem 0;
}

.c13 {
  display: -webkit-box;
  display: -webkit-flex;
  display: -ms-flexbox;
  display: flex;
  -webkit-flex-direction: row;
  -ms-flex-direction: row;
  flex-direction: row;
  -webkit-align-items: center;
  -webkit-box-align: center;
  -ms-flex-align: center;
  align-items: center;
  margin: auto;
}

.c13 div:first-child {
  margin-right: 1rem;
  min-width: 5rem;
}

.c1 {
  display: -webkit-box;
  display: -webkit-flex;
  display: -ms-flexbox;
  display: flex;
  -webkit-flex-direction: column;
  -ms-flex-direction: column;
  flex-direction: column;
  overflow: auto;
  padding: 1rem 0.5rem 2rem;
}

.c2 {
  margin: 0 0;
}

.c6 {
  display: -webkit-box;
  display: -webkit-flex;
  display: -ms-flexbox;
  display: flex;
  -webkit-flex-direction: column;
  -ms-flex-direction: column;
  flex-direction: column;
  background-color: #333333;
  color: #ffffff;
}

.c7 {
  margin: 2rem 1rem 1rem;
}

.c10 {
  display: -webkit-box;
  display: -webkit-flex;
  display: -ms-flexbox;
  display: flex;
  -webkit-flex: 1;
  -ms-flex: 1;
  flex: 1;
  -webkit-flex-direction: column;
  -ms-flex-direction: column;
  flex-direction: column;
  margin: 0 auto;
  max-width: 20rem;
  padding: 1rem;
}

.c10 p > button {
  width: 100%;
}

.c11 {
  margin: 1rem 1rem 1.5rem;
}

.c0 {
  display: -webkit-box;
  display: -webkit-flex;
  display: -ms-flexbox;
  display: flex;
  -webkit-flex-direction: row-reverse;
  -ms-flex-direction: row-reverse;
  flex-direction: row-reverse;
  height: 100%;
}

.c0 > nav {
  -webkit-flex: 2;
  -ms-flex: 2;
  flex: 2;
}

.c0 > main {
  -webkit-flex: 3;
  -ms-flex: 3;
  flex: 3;
}

@media (min-width:480px) {
  .c3 {
    line-height: 1.3;
  }
}

@media (min-width:480px) {
  .c16 {
    line-height: 1.3;
  }
}

@media (min-width:480px) {
  .c1 {
    padding: 1rem;
  }
}

@media print {
  .c0 {
    display: none;
  }
}

<div
  class="c0"
>
  <main
    class="c1"
  >
    <div
      class="c2"
    >
      <div
        class="c3 no-print"
      >
        <h1>
          Test Ballot Decks
        </h1>
        <p>
          Deck containing
           
          <strong>
            63 ballots
          </strong>
           
          for 
          
          .
        </p>
        <p>
          <button
            class="c4"
            type="button"
          >
            Print 
            63
             ballots
          </button>
        </p>
        <p>
          <button
            class="c5"
            type="button"
          >
            Back to Precincts List
          </button>
        </p>
      </div>
    </div>
  </main>
  <nav
    class="c6"
  >
    <div
      class="c7"
    >
      <div
        class="c3"
      >
        <h1
          class="c8"
        >
          VxPrint
          <span
            class="c9"
          >
             / 
            Election Admin Actions
          </span>
        </h1>
      </div>
    </div>
    <div
      class="c10"
    >
      <button
        class="c5"
        type="button"
      >
        Back to Admin Dashboard
      </button>
    </div>
    <div
      class="c11"
    >
      <div
        aria-hidden="true"
        class="c12"
        data-testid="election-info"
      >
        <div
          class="c13"
        >
          <div
            aria-hidden="true"
            class="c14"
          >
            <img
              alt="state seal"
              class="c15"
              src="/seals/Sample-Seal.svg"
            />
          </div>
          <div
            class="c16"
          >
            <h5
              aria-label=" General Election."
            >
               General Election
            </h5>
            <p
              class="c17"
            >
              November 3, 2020
              <br />
              <span
                class="c18"
              >
                Franklin County
                ,
              </span>
               
              <span
                class="c18"
              >
                State of Hamilton
              </span>
            </p>
            <p
              class="c19"
            >
              <span
                class="c18"
              >
                Center Springfield
              </span>
               
            </p>
          </div>
        </div>
      </div>
    </div>
  </nav>
</div>
`;
