// Jest Snapshot v1, https://goo.gl/fbAQLP

exports[`navigates back 1`] = `
.c0 {
  border: none;
  border-radius: 0.25rem;
  box-sizing: border-box;
  background: rgb(211,211,211);
  cursor: pointer;
  padding: 0.75rem 1rem;
  line-height: 1.25;
  color: black;
  touch-action: manipulation;
}

<button
  class="c0"
  role="option"
  type="button"
>
  Go Back
</button>
`;

exports[`navigates to page 1`] = `
.c0 {
  border: none;
  border-radius: 0.25rem;
  box-sizing: border-box;
  background: rgb(211,211,211);
  cursor: pointer;
  padding: 0.75rem 1rem;
  line-height: 1.25;
  color: black;
  touch-action: manipulation;
}

<button
  class="c0"
  role="option"
  type="button"
>
  Go Home
</button>
`;

exports[`renders LinkButton with onClick and disabled props 1`] = `
.c0 {
  border: none;
  border-radius: 0.25rem;
  box-sizing: border-box;
  background: rgb(211,211,211);
  padding: 0.75rem 1rem;
  line-height: 1.25;
  color: rgb(169,169,169);
  touch-action: manipulation;
}

<button
  class="c0"
  disabled=""
  role="option"
  type="button"
>
  Push Me
</button>
`;

exports[`renders LinkButton with onClick prop 1`] = `
.c0 {
  border: none;
  border-radius: 0.25rem;
  box-sizing: border-box;
  background: rgb(211,211,211);
  cursor: pointer;
  padding: 0.75rem 1rem;
  line-height: 1.25;
  color: black;
  touch-action: manipulation;
}

<button
  class="c0"
  role="option"
  type="button"
>
  Push Me
</button>
`;
