// Jest Snapshot v1, https://goo.gl/fbAQLP

exports[`allows file to be uploaded via drag and drop 1`] = `
.c5 {
  box-sizing: border-box;
  cursor: pointer;
  background: lightgrey;
  border: none;
  border-radius: 0.25rem;
  padding: 0.4rem 0.7rem;
  color: black;
  line-height: 1;
  white-space: nowrap;
}

.c3 {
  line-height: 1.3;
  max-width: 66ch;
  text-align: center;
  margin: auto;
}

.c3 h1 {
  margin: 2rem 0 1rem;
}

.c3 h2 {
  margin: 1.5rem 0 1rem;
}

.c3 h3,
.c3 p {
  margin: 1rem 0;
}

.c3 h1 + h2 {
  margin-top: -0.75rem;
}

.c3 h1 + p,
.c3 h2 + p,
.c3 h3 + p {
  margin-top: -0.75rem;
}

.c3 > :first-child {
  margin-top: 0;
}

.c3 > :last-child {
  margin-bottom: 0;
}

.c0 {
  height: 100%;
  display: -webkit-box;
  display: -webkit-flex;
  display: -ms-flexbox;
  display: flex;
  -webkit-flex-direction: column;
  -ms-flex-direction: column;
  flex-direction: column;
}

.c4 {
  text-align: center;
  font-size: 0.8rem;
}

.c1 {
  display: -webkit-box;
  display: -webkit-flex;
  display: -ms-flexbox;
  display: flex;
  -webkit-flex-direction: column;
  -ms-flex-direction: column;
  flex-direction: column;
  -webkit-flex: 1;
  -ms-flex: 1;
  flex: 1;
  overflow: scroll;
}

.c2 {
  padding: 1rem;
}

@media print {
  .c1 {
    -webkit-box-pack: start;
    -webkit-justify-content: flex-start;
    -ms-flex-pack: start;
    justify-content: flex-start;
    padding: 0;
  }
}

<div
  class="c0"
>
  <main
    class="c1"
  >
    <p>
      File loaded
       
    </p>
  </main>
  <footer
    class="c2"
  >
    <div
      class="c3"
    >
      <p
        class="c4"
      >
        <a
          href="/data/election.json"
        >
          Download sample 
          <code>
            election.json
          </code>
           file
        </a>
         
        to upload, or
         
        <button
          class="c5"
          type="button"
        >
          Load Sample Election File
        </button>
      </p>
    </div>
  </footer>
</div>
`;

exports[`allows file to be uploaded via file input 1`] = `
.c5 {
  box-sizing: border-box;
  cursor: pointer;
  background: lightgrey;
  border: none;
  border-radius: 0.25rem;
  padding: 0.4rem 0.7rem;
  color: black;
  line-height: 1;
  white-space: nowrap;
}

.c3 {
  line-height: 1.3;
  max-width: 66ch;
  text-align: center;
  margin: auto;
}

.c3 h1 {
  margin: 2rem 0 1rem;
}

.c3 h2 {
  margin: 1.5rem 0 1rem;
}

.c3 h3,
.c3 p {
  margin: 1rem 0;
}

.c3 h1 + h2 {
  margin-top: -0.75rem;
}

.c3 h1 + p,
.c3 h2 + p,
.c3 h3 + p {
  margin-top: -0.75rem;
}

.c3 > :first-child {
  margin-top: 0;
}

.c3 > :last-child {
  margin-bottom: 0;
}

.c0 {
  height: 100%;
  display: -webkit-box;
  display: -webkit-flex;
  display: -ms-flexbox;
  display: flex;
  -webkit-flex-direction: column;
  -ms-flex-direction: column;
  flex-direction: column;
}

.c4 {
  text-align: center;
  font-size: 0.8rem;
}

.c1 {
  display: -webkit-box;
  display: -webkit-flex;
  display: -ms-flexbox;
  display: flex;
  -webkit-flex-direction: column;
  -ms-flex-direction: column;
  flex-direction: column;
  -webkit-flex: 1;
  -ms-flex: 1;
  flex: 1;
  overflow: scroll;
}

.c2 {
  padding: 1rem;
}

@media print {
  .c1 {
    -webkit-box-pack: start;
    -webkit-justify-content: flex-start;
    -ms-flex-pack: start;
    justify-content: flex-start;
    padding: 0;
  }
}

<div
  class="c0"
>
  <main
    class="c1"
  >
    <p>
      File loaded
       
    </p>
  </main>
  <footer
    class="c2"
  >
    <div
      class="c3"
    >
      <p
        class="c4"
      >
        <a
          href="/data/election.json"
        >
          Download sample 
          <code>
            election.json
          </code>
           file
        </a>
         
        to upload, or
         
        <button
          class="c5"
          type="button"
        >
          Load Sample Election File
        </button>
      </p>
    </div>
  </footer>
</div>
`;
