// Jest Snapshot v1, https://goo.gl/fbAQLP

exports[`Sets election config file 1`] = `
.c7 {
  border: none;
  border-radius: 0.25rem;
  box-sizing: border-box;
  background: rgb(211,211,211);
  cursor: pointer;
  padding: 0.75rem 1rem;
  line-height: 1.25;
  color: black;
}

.c1 {
  display: -webkit-box;
  display: -webkit-flex;
  display: -ms-flexbox;
  display: flex;
  -webkit-flex: 1;
  -ms-flex: 1;
  flex: 1;
  -webkit-flex-direction: column;
  -ms-flex-direction: column;
  flex-direction: column;
  overflow: auto;
}

.c3 {
  margin: auto auto;
  max-width: 35rem;
  padding: 1rem;
}

.c4 {
  margin: auto;
  width: 100%;
  max-width: 66ch;
  text-align: center;
  line-height: 1.2;
}

.c4 h1 {
  margin: 2rem 0 1rem;
  line-height: 1.1;
  font-size: 1.5rem;
}

.c4 h2 {
  margin: 1.5rem 0 0.75rem;
  font-size: 1.25rem;
}

.c4 h3,
.c4 p {
  margin-top: 1rem;
  margin-bottom: 1rem;
  font-size: 1rem;
}

.c4 h1 + h2 {
  margin-top: -0.75rem;
}

.c4 h1 + p,
.c4 h2 + p {
  margin-top: -0.75rem;
}

.c4 h3 + p {
  margin-top: -1rem;
}

.c4 > :first-child {
  margin-top: 0;
}

.c4 > :last-child {
  margin-bottom: 0;
}

.c6 {
  text-align: center;
  font-size: 0.8rem;
}

.c0 {
  display: -webkit-box;
  display: -webkit-flex;
  display: -ms-flexbox;
  display: flex;
  -webkit-flex-direction: column;
  -ms-flex-direction: column;
  flex-direction: column;
  height: 100%;
}

.c0:focus {
  outline: none;
}

.c2 {
  display: -webkit-box;
  display: -webkit-flex;
  display: -ms-flexbox;
  display: flex;
  -webkit-flex: 1;
  -ms-flex: 1;
  flex: 1;
  margin: auto;
  width: 100%;
}

.c5 {
  padding: 1rem;
}

@media print {
  .c1 {
    -webkit-box-pack: start;
    -webkit-justify-content: flex-start;
    -ms-flex-pack: start;
    justify-content: flex-start;
    padding: 0;
  }
}

@media print {
  .c3 {
    margin: 0;
    max-width: 100%;
  }
}

@media (min-width:480px) {
  .c4 {
    line-height: 1.3;
  }
}

<div>
  <div
    class="c0"
    tabindex="-1"
  >
    <main
      class="c1"
    >
      <div
        class="c2"
        data-testid="dropzone"
        for="election-file-upload"
        tabindex="0"
      >
        <div
          class="c3"
        >
          <input
            accept="application/json"
            autocomplete="off"
            data-testid="file-input"
            id="election-file-upload"
            style="display: none;"
            tabindex="-1"
            type="file"
          />
          <div
            class="c4"
          >
            <h1>
              Load Election Configuration File
            </h1>
            <p>
              Drag and drop 
              <code>
                election.json
              </code>
               file here, or click to browse for file.
            </p>
            
          </div>
        </div>
      </div>
    </main>
    <footer
      class="c5"
    >
      <div
        class="c4"
      >
        <p
          class="c6"
        >
          <a
            href="/data/election.json"
          >
            Download sample 
            <code>
              election.json
            </code>
             file
          </a>
           
          to upload, or
           
          <button
            class="c7"
            type="button"
          >
            Load Sample Election File
          </button>
        </p>
      </div>
    </footer>
  </div>
</div>
`;
